[2026-09-24T11:27:33Z] === ENRICH ITERATION 1 START | repo=repolex-ai/git-lex-ui sha=393e8ed1 ===
[2026-09-24T11:27:33Z] [iter=1] PHASE START: enrich repo=repolex-ai/git-lex-ui sha=393e8ed1 runlog=/home/runner/work/forx/forx/storage/aggregate/lsp/logs/393e8ed1-enrich-iter-001.log output=/home/runner/work/forx/forx/storage/aggregate/lsp/393e8ed136648c4fd482aaa1e9e80be65daae76c.nq.gz
[2026-09-24T11:27:49Z] [iter=1] Step 1: Loading AST into disk-backed store mem_mb=80 MB
[2026-09-24T11:27:51Z] [iter=1] AST store loaded triples=222010 load_secs=2 mem_mb=370 MB
[2026-09-24T11:27:51Z] [iter=1] Step 2: Finding LSP targets mem_mb=370 MB
[2026-09-24T11:27:51Z] [iter=1] LSP targets found call_sites=2154 imports=20 extends=0 implements=1 secs=0
[2026-09-24T11:27:51Z] [iter=1] Step 2.7: Building position index (one-shot, shared across resolvers) mem_mb=370 MB
[2026-09-24T11:27:52Z] [iter=1] Position index built positions=14685 nodes_with_types=17807 secs=1 mem_mb=370 MB
[2026-09-24T11:27:52Z] [iter=1] Step 3: Starting LSP resolution mem_mb=370 MB already_completed_types=[] already_completed_files=0
[2026-09-24T11:27:52Z] [iter=1] Resolving target type target_type=call_site count=2154
[2026-09-24T11:28:04Z] [iter=1] HEARTBEAT target_type=call_site elapsed_min=0.5 files_done=0 resolved=0 errors=0 current=src/layout_api.rs
[2026-09-24T11:28:40Z] [iter=1] HEARTBEAT target_type=call_site elapsed_min=1.1 files_done=5 resolved=1243 errors=171 current=src/sparql.rs
[2026-09-24T11:28:50Z] [iter=1] Target type resolved target_type=call_site resolved=1536 errors=213 secs=58 mem_mb=370 MB
[2026-09-24T11:28:50Z] [iter=1] Resolving target type target_type=import_statement count=20
[2026-09-24T11:29:08Z] [iter=1] Target type resolved target_type=import_statement resolved=16 errors=0 secs=18 mem_mb=370 MB
[2026-09-24T11:29:08Z] [iter=1] Resolving target type target_type=implements_clause count=1
[2026-09-24T11:29:24Z] [iter=1] Target type resolved target_type=implements_clause resolved=1 errors=0 secs=16 mem_mb=370 MB
[2026-09-24T11:29:44Z] [iter=1] Step 5: Writing final enrichment file triples=19356
[2026-09-24T11:29:44Z] [iter=1] Enrichment file written path=/home/runner/work/forx/forx/storage/aggregate/lsp/393e8ed136648c4fd482aaa1e9e80be65daae76c.nq.gz size_kb=330
[2026-09-24T11:29:44Z] [iter=1] PHASE END: enrich elapsed_s=131 elapsed_min=2.2 total_triples=19356
